// Jest Snapshot v1, https://goo.gl/fbAQLP

exports[`dfs should extract a double-sided disk successfully 1`] = `
Array [
  "!BOOT",
  "!BOOT.inf",
  "ADAT",
  "ADAT.inf",
  "AINTRO",
  "AINTRO.inf",
  "ALOAD",
  "ALOAD.inf",
  "ALPHA",
  "ALPHA.inf",
  "APIC",
  "APIC.inf",
  "BDAT",
  "BDAT.inf",
  "BINTRO",
  "BINTRO.inf",
  "BLOAD",
  "BLOAD.inf",
  "BPIC",
  "BPIC.inf",
  "BRAVO",
  "BRAVO.inf",
  "C2",
  "C2.inf",
  "C2LOAD",
  "C2LOAD.inf",
  "CDAT",
  "CDAT.inf",
  "CHARLIE",
  "CHARLIE.inf",
  "CINTRO",
  "CINTRO.inf",
  "CLOAD",
  "CLOAD.inf",
  "CPIC",
  "CPIC.inf",
  "MENU",
  "MENU.inf",
  "SDAT",
  "SDAT.inf",
  "SIGMA",
  "SIGMA.inf",
  "SINTRO",
  "SINTRO.inf",
  "SLOAD",
  "SLOAD.inf",
  "SPIC",
  "SPIC.inf",
]
`;

exports[`dfs should extract a double-sided disk successfully 2`] = `
Array [
  "C2DAT",
  "C2DAT.inf",
  "WC1",
  "WC1.inf",
  "WC2",
  "WC2.inf",
  "WC3",
  "WC3.inf",
  "WC4",
  "WC4.inf",
  "WC5",
  "WC5.inf",
  "WC6",
  "WC6.inf",
]
`;

exports[`dfs should extract a single-sided disk successfully 1`] = `
Array [
  "!BOOT",
  "!BOOT.inf",
  "!MENU",
  "!MENU.inf",
  "ASTDEL",
  "ASTDEL.inf",
  "ATIC",
  "ATIC.inf",
  "CQUEST",
  "CQUEST.inf",
  "CYBERT",
  "CYBERT.inf",
  "Cybert2",
  "Cybert2.inf",
  "DUNE",
  "DUNE.inf",
  "Dune2",
  "Dune2.inf",
  "FACTORY",
  "FACTORY.inf",
  "FRAK",
  "FRAK.inf",
  "Factor2",
  "Factor2.inf",
  "Frak2",
  "Frak2.inf",
  "MISSILE",
  "MISSILE.inf",
  "MREE",
  "MREE.inf",
  "Missil2",
  "Missil2.inf",
  "Mree2",
  "Mree2.inf",
  "PILOT",
  "PILOT.inf",
  "Pilot2",
  "Pilot2.inf",
  "Pilot3",
  "Pilot3.inf",
  "STRIKER",
  "STRIKER.inf",
  "Strike2",
  "Strike2.inf",
  "THRUST",
  "THRUST.inf",
  "Thrust2",
  "Thrust2.inf",
  "Thrust3",
  "Thrust3.inf",
  "ZALAGA",
  "ZALAGA.inf",
]
`;
